✔ Python hook through real workerd HTTP: maximum Unicode/escaped replies and two-way host notification receipts (1859.010146ms)
✔ deterministic Bash-invoked Python adapter: durable deduplication and recovery (584.711877ms)
✔ actual workerd HTTP + SQLite persistence: two-way traffic, concurrent claims, restart, revoked grants, no egress (1566.02891ms)
✔ disabled default; public, owner and project credentials have distinct authority (102.376664ms)
✔ messages, explicit reply events, delivery ACK, claim, and result remain separate (78.851392ms)
✔ concurrent duplicate sends, conflicting keys and spoofed metadata cannot change accepted data (87.585961ms)
✔ atomic persistence rolls back on event failure, retry after storage outage is duplicate-safe (47.2928ms)
✔ concurrent claims have one winner, retries preserve lease, expired fences cannot reply or finish (74.403923ms)
✔ accepted reply survives lease expiry and recovery, including conflicting second reply (34.441102ms)
✔ revocation and expiry deny reads, ACKs, writes and in-flight claims; admin cannot revive a revoked grant (63.521216ms)
✔ cross-project reads/cursors/ACK/claims/replies denied, private owner and public history isolated (61.913259ms)
✔ bounded pages and retained replay recover ACKed events, ACK batches roll back atomically (48.020633ms)
✔ bounded admission does not lose accepted messages; retry remains possible while full (86.752465ms)
✔ durable backoff and bounded recovery stop a failing host from spinning (53.292039ms)
✔ grant creation requires explicit finite approval and management enablement (57.96963ms)
✔ history admission reserves answers for accepted work even when notes fill capacity (895.334151ms)
✔ existing owner MCP can explicitly manage approved grants only behind both flags, without becoming a project agent (16.206377ms)
✔ grant revoked while a streamed send is in flight cannot commit after final authorization (44.12399ms)
✔ both directions can initiate requests, bounded notes are inert, and oversized inputs never persist (24.825617ms)
✔ ambiguous host timeout stays unknown, explicit reconciled retry is audited, outcome reports remain held (23.71816ms)
✔ timeout after an accepted reply permits report-only recovery and never replaces that reply (20.434194ms)
✔ held-state cooldown begins at recording time for every transition and preserves recovery cap (44.96232ms)
✔ OAuth participation requires explicit exact-grant binding; typed MCP operations isolate identity and private data (20.135255ms)
✔ project MCP callbacks are separately gated, binding-addressed, replayable and revoked before delivery (31.185682ms)
✔ binding survives same-family refresh, requires explicit replacement after revocation, and denies callback verification races (30.544583ms)
✔ unauthorized HTTP and MCP project sends cannot reserve shared alarms (10.666266ms)
✔ project event discovery is gated and callbacks stop on binding expiry, parent revocation or flag disablement (78.717891ms)
ℹ tests 27
ℹ suites 0
ℹ pass 27
ℹ fail 0
ℹ cancelled 0
ℹ skipped 0
ℹ todo 0
ℹ duration_ms 2982.959604
