TAP version 13
# Subtest: Poweramp native R2 Chrome lifecycle and recovery contracts
    # Subtest: Media Session setting changes apply before stalled artwork storage completes
    ok 1 - Media Session setting changes apply before stalled artwork storage completes
      ---
      duration_ms: 310.026643
      type: 'test'
      ...
    # Subtest: native held network stream: delayed playing
    ok 2 - native held network stream: delayed playing
      ---
      duration_ms: 484.657452
      type: 'test'
      ...
    # Subtest: native held network stream: missing pause event
    ok 3 - native held network stream: missing pause event
      ---
      duration_ms: 495.210249
      type: 'test'
      ...
    1..3
ok 1 - Poweramp native R2 Chrome lifecycle and recovery contracts
  ---
  duration_ms: 1654.219394
  type: 'test'
  ...
1..1
# tests 4
# suites 0
# pass 4
# fail 0
# cancelled 0
# skipped 0
# todo 0
# duration_ms 1901.830223
